main.c:122:6:getUSARTData	32	static
main.c:166:6:commutateNow_0	8	static
main.c:172:6:commutateNow_1	8	static
main.c:178:6:commutateNow_2	8	static
main.c:184:6:commutateNow_3	8	static
main.c:191:6:commutateNow_4	8	static
main.c:197:6:commutateNow_5	8	static
main.c:203:6:commutationPattern	48	static
main.c:299:6:startMotor	16	static
main.c:337:5:main	8	static
main.c:422:6:SystemClock_Config	128	static
main.c:471:13:MX_ADC1_Init	48	static
main.c:534:13:MX_ADC2_Init	32	static
main.c:589:13:MX_COMP1_Init	8	static
main.c:624:13:MX_COMP2_Init	8	static
main.c:659:13:MX_COMP3_Init	8	static
main.c:694:13:MX_DAC_Init	24	static
main.c:732:13:MX_TIM1_Init	96	static
main.c:808:13:MX_TIM2_Init	56	static
main.c:872:13:MX_TIM3_Init	48	static
main.c:924:13:MX_USART1_UART_Init	8	static
main.c:957:13:MX_DMA_Init	16	static
main.c:975:13:MX_GPIO_Init	40	static
main.c:1014:6:HAL_UART_RxCpltCallback	32	static
main.c:1052:6:HAL_COMP_TriggerCallback	16	static
main.c:1056:6:HAL_TIM_OC_DelayElapsedCallback	16	static
main.c:1061:6:HAL_TIM_IC_CaptureCallback	32	static
main.c:1122:6:Error_Handler	4	static
