main.c:134:6:getUSARTData	32	static
main.c:180:6:commutateNow_0	8	static
main.c:186:6:commutateNow_1	8	static
main.c:192:6:commutateNow_2	8	static
main.c:198:6:commutateNow_3	8	static
main.c:205:6:commutateNow_4	8	static
main.c:211:6:commutateNow_5	8	static
main.c:217:6:commutationPattern	40	static
main.c:313:6:startMotor	8	static
main.c:351:5:main	8	static
main.c:460:6:SystemClock_Config	128	static
main.c:509:13:MX_ADC1_Init	48	static
main.c:572:13:MX_ADC2_Init	32	static
main.c:627:13:MX_COMP1_Init	8	static
main.c:662:13:MX_COMP2_Init	8	static
main.c:697:13:MX_COMP3_Init	8	static
main.c:732:13:MX_DAC_Init	24	static
main.c:770:13:MX_TIM1_Init	96	static
main.c:857:13:MX_TIM2_Init	40	static
main.c:902:13:MX_TIM3_Init	48	static
main.c:954:13:MX_TIM15_Init	56	static
main.c:1019:13:MX_USART1_UART_Init	8	static
main.c:1052:13:MX_DMA_Init	16	static
main.c:1070:13:MX_GPIO_Init	40	static
main.c:1109:6:HAL_UART_RxCpltCallback	32	static
main.c:1147:6:HAL_COMP_TriggerCallback	16	static
main.c:1151:6:HAL_TIM_IC_CaptureCallback	24	static
main.c:1220:6:Error_Handler	4	static
