stm32f3xx_it.c:95:6:NMI_Handler	4	static
stm32f3xx_it.c:108:6:HardFault_Handler	4	static
stm32f3xx_it.c:123:6:MemManage_Handler	4	static
stm32f3xx_it.c:138:6:BusFault_Handler	4	static
stm32f3xx_it.c:153:6:UsageFault_Handler	4	static
stm32f3xx_it.c:168:6:SVC_Handler	4	static
stm32f3xx_it.c:181:6:DebugMon_Handler	4	static
stm32f3xx_it.c:194:6:PendSV_Handler	4	static
stm32f3xx_it.c:207:6:SysTick_Handler	8	static
stm32f3xx_it.c:234:6:DMA1_Channel5_IRQHandler	8	static
stm32f3xx_it.c:248:6:ADC1_2_IRQHandler	8	static
stm32f3xx_it.c:263:6:TIM1_BRK_TIM15_IRQHandler	8	static
stm32f3xx_it.c:277:6:TIM1_CC_IRQHandler	8	static
stm32f3xx_it.c:291:6:TIM2_IRQHandler	8	static
stm32f3xx_it.c:305:6:TIM3_IRQHandler	8	static
stm32f3xx_it.c:322:6:USART1_IRQHandler	8	static
stm32f3xx_it.c:341:6:COMP1_2_3_IRQHandler	72	static
