stm32f3xx_it.c:110:6:NMI_Handler	4	static
stm32f3xx_it.c:123:6:HardFault_Handler	4	static
stm32f3xx_it.c:138:6:MemManage_Handler	4	static
stm32f3xx_it.c:153:6:BusFault_Handler	4	static
stm32f3xx_it.c:168:6:UsageFault_Handler	4	static
stm32f3xx_it.c:183:6:SVC_Handler	4	static
stm32f3xx_it.c:196:6:DebugMon_Handler	4	static
stm32f3xx_it.c:209:6:PendSV_Handler	4	static
stm32f3xx_it.c:222:6:SysTick_Handler	8	static
stm32f3xx_it.c:249:6:DMA1_Channel5_IRQHandler	8	static
stm32f3xx_it.c:263:6:ADC1_2_IRQHandler	8	static
stm32f3xx_it.c:287:6:TIM1_BRK_TIM15_IRQHandler	8	static
stm32f3xx_it.c:302:6:TIM1_CC_IRQHandler	8	static
stm32f3xx_it.c:337:6:TIM3_IRQHandler	8	static
stm32f3xx_it.c:354:6:USART1_IRQHandler	8	static
stm32f3xx_it.c:373:6:TIM6_DAC_IRQHandler	8	static
stm32f3xx_it.c:388:6:COMP1_2_3_IRQHandler	8	static
